DEBUG:root:3
2020-08-10 00:44:36,604:DEBUG:3
